error: expected parentheses
  --> $DIR/structopt_name_value_attr.rs:14:17
   |
14 |     #[structopt = "short"]
   |                 ^
