error: Option<Vec<T>> type is not allowed for subcommand
  --> $DIR/subcommand_opt_vec.rs:18:10
   |
18 |     cmd: Option<Vec<Command>>,
   |          ^^^^^^
