error: proc-macro derive panicked
  --> $DIR/subcommand_and_parse.rs:13:10
   |
13 | #[derive(StructOpt)]
   |          ^^^^^^^^^
   |
   = help: message: parse attribute is not allowed for subcommand
